packages/sdkwork-magic-studio-assets/src/components/AssetSidebar.tsx(18,11): error TS6133: 't' is declared but its value is never read.
packages/sdkwork-magic-studio-assets/src/components/ChooseAssetModal.tsx(4,79): error TS6133: 'ImageIcon' is declared but its value is never read.
packages/sdkwork-magic-studio-assets/src/components/CreationChatInput/components/MentionList.tsx(2,8): error TS6133: 'React' is declared but its value is never read.
packages/sdkwork-magic-studio-assets/src/components/CreationChatInput/components/MentionPreviewPopover.tsx(5,17): error TS6133: 'Video' is declared but its value is never read.
packages/sdkwork-magic-studio-assets/src/components/CreationChatInput/components/MentionPreviewPopover.tsx(5,33): error TS6133: 'ImageIcon' is declared but its value is never read.
packages/sdkwork-magic-studio-assets/src/components/CreationChatInput/CreationChatInput.tsx(7,1): error TS6133: 'getAssetLabel' is declared but its value is never read.
packages/sdkwork-magic-studio-assets/src/components/CreationChatInput/suggestion.ts(8,11): error TS6196: 'SuggestionProps' is declared but never used.
packages/sdkwork-magic-studio-assets/src/components/CreationChatInput/utils.ts(2,1): error TS6133: 'InputAttachmentType' is declared but its value is never read.
packages/sdkwork-magic-studio-audio/src/pages/AudioPage.tsx(6,1): error TS6133: 'generateUUID' is declared but its value is never read.
packages/sdkwork-magic-studio-auth/src/components/ForgotPasswordForm.tsx(5,30): error TS6133: 'ArrowRight' is declared but its value is never read.
packages/sdkwork-magic-studio-auth/src/pages/LoginPage.tsx(2,1): error TS6133: 'useRouter' is declared but its value is never read.
packages/sdkwork-magic-studio-auth/src/pages/LoginPage.tsx(6,55): error TS6133: 'WechatQrPanel' is declared but its value is never read.
packages/sdkwork-magic-studio-browser/src/components/BrowserViewport.tsx(9,60): error TS6133: 'tabs' is declared but its value is never read.
packages/sdkwork-magic-studio-browser/src/components/DownloadsPanel.tsx(4,5): error TS6133: 'Download' is declared but its value is never read.
packages/sdkwork-magic-studio-browser/src/components/DownloadsPanel.tsx(4,15): error TS6133: 'CheckCircle2' is declared but its value is never read.
packages/sdkwork-magic-studio-browser/src/services/browserDownloadService.ts(116,37): error TS6133: 'path' is declared but its value is never read.
packages/sdkwork-magic-studio-canvas/src/components/CanvasBoard.tsx(498,59): error TS6133: 'startPos' is declared but its value is never read.
packages/sdkwork-magic-studio-canvas/src/components/CanvasMinimap.tsx(177,11): error TS6133: '_PADDING' is declared but its value is never read.
packages/sdkwork-magic-studio-canvas/src/components/CanvasNode.tsx(100,25): error TS6133: 'setIsResizing' is declared but its value is never read.
packages/sdkwork-magic-studio-canvas/src/services/canvasService.ts(3,80): error TS6133: 'MediaResourceType' is declared but its value is never read.
packages/sdkwork-magic-studio-canvas/src/services/nodeFactory.ts(5,24): error TS6133: 'TextStyle' is declared but its value is never read.
packages/sdkwork-magic-studio-canvas/src/services/nodeFactory.ts(34,20): error TS6133: 'id' is declared but its value is never read.
packages/sdkwork-magic-studio-canvas/src/services/nodeFactory.ts(55,20): error TS6133: 'id' is declared but its value is never read.
packages/sdkwork-magic-studio-canvas/src/services/nodeFactory.ts(85,20): error TS6133: 'id' is declared but its value is never read.
packages/sdkwork-magic-studio-canvas/src/services/nodeFactory.ts(110,20): error TS6133: 'id' is declared but its value is never read.
packages/sdkwork-magic-studio-canvas/src/store/canvasStore.tsx(4,58): error TS6133: 'CanvasNodeData' is declared but its value is never read.
packages/sdkwork-magic-studio-canvas/src/store/canvasStore.tsx(113,17): error TS6133: 'state' is declared but its value is never read.
packages/sdkwork-magic-studio-canvas/src/store/canvasStore.tsx(254,40): error TS6133: 'deep' is declared but its value is never read.
packages/sdkwork-magic-studio-character/src/components/CharacterLeftGeneratorPanel.tsx(4,28): error TS6133: 'CHARACTER_ARCHETYPES' is declared but its value is never read.
packages/sdkwork-magic-studio-character/src/components/CharacterLeftGeneratorPanel.tsx(4,50): error TS6133: 'CHARACTER_GENDERS' is declared but its value is never read.
packages/sdkwork-magic-studio-character/src/components/CharacterLeftGeneratorPanel.tsx(67,11): error TS6133: 'toggleVoicePreview' is declared but its value is never read.
packages/sdkwork-magic-studio-character/src/components/CharacterLeftGeneratorPanel.tsx(99,11): error TS6133: '_selectedVoiceForChooser' is declared but its value is never read.
packages/sdkwork-magic-studio-character/src/components/CharacterLeftGeneratorPanel.tsx(347,7): error TS6133: 'TabButton' is declared but its value is never read.
packages/sdkwork-magic-studio-chat/src/pages/ChatPage.tsx(15,23): error TS6133: 'currentPath' is declared but its value is never read.
packages/sdkwork-magic-studio-chat/src/pages/ChatPage.tsx(22,39): error TS6133: 'mode' is declared but its value is never read.
packages/sdkwork-magic-studio-chat/src/store/chatStore.tsx(3,36): error TS6133: 'ChatTranscript' is declared but its value is never read.
packages/sdkwork-magic-studio-chatppt/src/components/PPTChatPane.tsx(7,33): error TS6133: 'generateSlidesFromPrompt' is declared but its value is never read.
packages/sdkwork-magic-studio-chatppt/src/components/PPTPreview.tsx(4,38): error TS6133: 'ChevronLeft' is declared but its value is never read.
packages/sdkwork-magic-studio-chatppt/src/components/PPTPreview.tsx(4,51): error TS6133: 'ChevronRight' is declared but its value is never read.
packages/sdkwork-magic-studio-chatppt/src/store/chatPPTStore.tsx(96,45): error TS6133: 'prompt' is declared but its value is never read.
packages/sdkwork-magic-studio-drive/src/components/DriveBreadcrumbs.tsx(3,24): error TS6133: 'Home' is declared but its value is never read.
packages/sdkwork-magic-studio-drive/src/components/DriveContextMenu.tsx(4,41): error TS6133: 'X' is declared but its value is never read.
packages/sdkwork-magic-studio-drive/src/components/FilePreviewModal.tsx(3,36): error TS6133: 'FileText' is declared but its value is never read.
packages/sdkwork-magic-studio-drive/src/components/FilePreviewModal.tsx(6,10): error TS6133: 'Button' is declared but its value is never read.
packages/sdkwork-magic-studio-drive/src/components/FilePreviewModal.tsx(10,1): error TS6133: 'platform' is declared but its value is never read.
packages/sdkwork-magic-studio-drive/src/pages/DrivePage.tsx(10,39): error TS6133: 'StarOff' is declared but its value is never read.
packages/sdkwork-magic-studio-drive/src/pages/DrivePage.tsx(397,7): error TS6133: 'ActionButton' is declared but its value is never read.
packages/sdkwork-magic-studio-drive/src/store/driveStore.tsx(2,76): error TS6133: 'useCallback' is declared but its value is never read.
packages/sdkwork-magic-studio-drive/src/viewers/impl/CodeViewer.tsx(7,25): error TS6133: 'Check' is declared but its value is never read.
packages/sdkwork-magic-studio-drive/src/viewers/impl/DocViewer.tsx(5,30): error TS6133: 'ExternalLink' is declared but its value is never read.
packages/sdkwork-magic-studio-drive/src/viewers/impl/MediaViewer.tsx(4,17): error TS6133: 'PlayCircle' is declared but its value is never read.
packages/sdkwork-magic-studio-editor/src/components/AIChatPane.tsx(7,40): error TS6133: 'updateFileContent' is declared but its value is never read.
packages/sdkwork-magic-studio-editor/src/components/CodeEditor.tsx(24,39): error TS6133: 'editor' is declared but its value is never read.
packages/sdkwork-magic-studio-editor/src/components/file-explorer/ExplorerHeader.tsx(6,28): error TS6133: 'ChevronDown' is declared but its value is never read.
packages/sdkwork-magic-studio-editor/src/components/modals/GitHubSyncModal.tsx(19,24): error TS6133: 'setRepository' is declared but its value is never read.
packages/sdkwork-magic-studio-editor/src/components/modals/GitHubSyncModal.tsx(20,19): error TS6133: 'setToken' is declared but its value is never read.
packages/sdkwork-magic-studio-editor/src/pages/EditorPage.tsx(5,38): error TS6133: 'useCallback' is declared but its value is never read.
packages/sdkwork-magic-studio-editor/src/services/editorService.ts(29,55): error TS6133: 'parentPath' is declared but its value is never read.
packages/sdkwork-magic-studio-editor/src/services/projectService.ts(2,1): error TS6133: 'platform' is declared but its value is never read.
packages/sdkwork-magic-studio-film/src/components/FilmChatPanel.tsx(5,15): error TS6133: 'PenTool' is declared but its value is never read.
packages/sdkwork-magic-studio-film/src/components/FilmPreviewPanel.tsx(7,14): error TS6133: 'ImageIcon' is declared but its value is never read.
packages/sdkwork-magic-studio-film/src/components/FilmSettingsDropdown.tsx(4,38): error TS6133: 'Cpu' is declared but its value is never read.
packages/sdkwork-magic-studio-film/src/components/FilmSettingsDropdown.tsx(4,43): error TS6133: 'Sparkles' is declared but its value is never read.
packages/sdkwork-magic-studio-film/src/components/FilmSettingsDropdown.tsx(4,59): error TS6133: 'Video' is declared but its value is never read.
packages/sdkwork-magic-studio-film/src/components/FilmSettingsDropdown.tsx(4,75): error TS6133: 'ImageIcon' is declared but its value is never read.
packages/sdkwork-magic-studio-film/src/components/LocationList.tsx(5,15): error TS6133: 'Loader2' is declared but its value is never read.
packages/sdkwork-magic-studio-film/src/components/LocationList.tsx(11,46): error TS6133: 'createLocation' is declared but its value is never read.
packages/sdkwork-magic-studio-film/src/components/overview/PropCard.tsx(3,10): error TS6133: 'Box' is declared but its value is never read.
packages/sdkwork-magic-studio-film/src/components/overview/PropListPanel.tsx(8,52): error TS6133: 'MediaResourceType' is declared but its value is never read.
packages/sdkwork-magic-studio-film/src/components/overview/SceneGroup.tsx(3,10): error TS6133: 'MapPin' is declared but its value is never read.
packages/sdkwork-magic-studio-film/src/components/overview/SceneGroup.tsx(3,84): error TS6133: 'Clapperboard' is declared but its value is never read.
packages/sdkwork-magic-studio-film/src/components/overview/SceneGroup.tsx(27,17): error TS6133: 'storyProps' is declared but its value is never read.
packages/sdkwork-magic-studio-film/src/components/overview/ShotCard.tsx(13,68): error TS6133: 'onGenerate' is declared but its value is never read.
packages/sdkwork-magic-studio-film/src/components/overview/StoryboardPanel.tsx(4,24): error TS6133: 'ArrowRight' is declared but its value is never read.
packages/sdkwork-magic-studio-film/src/components/overview/StoryboardPanel.tsx(4,36): error TS6133: 'Sparkles' is declared but its value is never read.
packages/sdkwork-magic-studio-film/src/components/overview/StoryboardPanel.tsx(4,46): error TS6133: 'Loader2' is declared but its value is never read.
packages/sdkwork-magic-studio-film/src/components/overview/StoryboardPanel.tsx(4,87): error TS6133: 'CheckCircle2' is declared but its value is never read.
packages/sdkwork-magic-studio-film/src/components/overview/StoryboardPanel.tsx(24,44): error TS6133: 'onViewAll' is declared but its value is never read.
packages/sdkwork-magic-studio-film/src/components/ProjectList.tsx(2,1): error TS6133: 'FilmProject' is declared but its value is never read.
packages/sdkwork-magic-studio-film/src/components/ProjectList.tsx(6,24): error TS6133: 'Clock' is declared but its value is never read.
packages/sdkwork-magic-studio-film/src/components/ProjectList.tsx(6,31): error TS6133: 'Film' is declared but its value is never read.
packages/sdkwork-magic-studio-film/src/components/ProjectList.tsx(6,37): error TS6133: 'ChevronRight' is declared but its value is never read.
packages/sdkwork-magic-studio-film/src/components/ProjectList.tsx(6,51): error TS6133: 'MoreHorizontal' is declared but its value is never read.
packages/sdkwork-magic-studio-film/src/components/ProjectList.tsx(6,67): error TS6133: 'FolderOpen' is declared but its value is never read.
packages/sdkwork-magic-studio-film/src/components/ProjectOverview.tsx(5,60): error TS6133: 'Box' is declared but its value is never read.
packages/sdkwork-magic-studio-film/src/components/ProjectOverview.tsx(5,76): error TS6133: 'TrendingUp' is declared but its value is never read.
packages/sdkwork-magic-studio-film/src/components/ProjectOverview.tsx(26,49): error TS6133: 'generateShotVideo' is declared but its value is never read.
packages/sdkwork-magic-studio-film/src/components/SceneModal.tsx(5,10): error TS6133: 'Button' is declared but its value is never read.
packages/sdkwork-magic-studio-film/src/components/SceneModal.tsx(5,29): error TS6133: 'FilmLocation' is declared but its value is never read.
packages/sdkwork-magic-studio-film/src/components/ScriptEditor.tsx(3,44): error TS6133: 'useEffect' is declared but its value is never read.
packages/sdkwork-magic-studio-film/src/components/ScriptEditor.tsx(5,59): error TS6133: 'Hash' is declared but its value is never read.
packages/sdkwork-magic-studio-film/src/components/ScriptEditor.tsx(73,11): error TS6133: 'paperStyle' is declared but its value is never read.
packages/sdkwork-magic-studio-film/src/components/ShotModal.tsx(4,67): error TS6133: 'Clock' is declared but its value is never read.
packages/sdkwork-magic-studio-film/src/components/ShotModal.tsx(4,74): error TS6133: 'FileText' is declared but its value is never read.
packages/sdkwork-magic-studio-film/src/components/ShotModal.tsx(5,10): error TS6133: 'SettingInput' is declared but its value is never read.
packages/sdkwork-magic-studio-film/src/components/ShotModal.tsx(5,24): error TS6133: 'SettingSelect' is declared but its value is never read.
packages/sdkwork-magic-studio-film/src/components/ShotModal.tsx(6,168): error TS6133: 'AssetType' is declared but its value is never read.
packages/sdkwork-magic-studio-film/src/components/ShotModal.tsx(6,179): error TS6133: 'InputAttachment' is declared but its value is never read.
packages/sdkwork-magic-studio-film/src/components/ShotModal.tsx(210,48): error TS6133: 'role' is declared but its value is never read.
packages/sdkwork-magic-studio-film/src/components/ShotModal.tsx(235,42): error TS2749: 'InputAttachment' refers to a value, but is being used as a type here. Did you mean 'typeof InputAttachment'?
packages/sdkwork-magic-studio-film/src/components/ShotModal.tsx(772,59): error TS6133: 'idx' is declared but its value is never read.
packages/sdkwork-magic-studio-film/src/pages/FilmHomePage.tsx(5,20): error TS6133: 'Play' is declared but its value is never read.
packages/sdkwork-magic-studio-film/src/pages/FilmHomePage.tsx(5,26): error TS6133: 'Heart' is declared but its value is never read.
packages/sdkwork-magic-studio-film/src/pages/FilmHomePage.tsx(5,33): error TS6133: 'ChevronDown' is declared but its value is never read.
packages/sdkwork-magic-studio-film/src/pages/FilmHomePage.tsx(5,53): error TS6133: 'Check' is declared but its value is never read.
packages/sdkwork-magic-studio-film/src/pages/FilmHomePage.tsx(5,60): error TS6133: 'Type' is declared but its value is never read.
packages/sdkwork-magic-studio-film/src/pages/FilmHomePage.tsx(7,29): error TS6133: 'InputFooterButton' is declared but its value is never read.
packages/sdkwork-magic-studio-film/src/pages/FilmHomePage.tsx(8,86): error TS6133: 'StyleOption' is declared but its value is never read.
packages/sdkwork-magic-studio-film/src/pages/FilmHomePage.tsx(9,28): error TS2305: Module '"@sdkwork/magic-studio-commons"' has no exported member 'Resolution'.
packages/sdkwork-magic-studio-film/src/pages/FilmHomePage.tsx(64,23): error TS6133: 'setActiveTab' is declared but its value is never read.
packages/sdkwork-magic-studio-film/src/pages/FilmHomePage.tsx(197,21): error TS2322: Type '(ratio: import("<workspace-root>/magic-studio-v2/packages/sdkwork-magic-studio-types/src/common.types").AspectRatio) => void' is not assignable to type '(ratio: import("<workspace-root>/magic-studio-v2/packages/sdkwork-magic-studio-commons/src/components/AspectRatioSelector/AspectRatioSelector").AspectRatio) => void'.
  Types of parameters 'ratio' and 'ratio' are incompatible.
    Type 'import("<workspace-root>/magic-studio-v2/packages/sdkwork-magic-studio-commons/src/components/AspectRatioSelector/AspectRatioSelector").AspectRatio' is not assignable to type 'import("<workspace-root>/magic-studio-v2/packages/sdkwork-magic-studio-types/src/common.types").AspectRatio'.
      Type '"21:9"' is not assignable to type 'AspectRatio'.
packages/sdkwork-magic-studio-film/src/services/filmService.ts(11,10): error TS6133: 'MediaResourceType' is declared but its value is never read.
packages/sdkwork-magic-studio-film/src/services/filmService.ts(77,7): error TS2739: Type '{ theme: string; style: string; aspect: string; resolution: string; fps: number; quality: string; }' is missing the following properties from type 'FilmSettings': id, uuid, createdAt, updatedAt
packages/sdkwork-magic-studio-film/src/services/filmService.ts(109,7): error TS2322: Type 'FilmAssetMediaResource | undefined' is not assignable to type 'AssetMediaResource | undefined'.
  Property 'name' is missing in type 'FilmAssetMediaResource' but required in type 'AssetMediaResource'.
packages/sdkwork-magic-studio-film/src/services/filmService.ts(160,11): error TS2561: Object literal may only specify known properties, but 'characterUuids' does not exist in type 'FilmShot'. Did you mean to write 'characterIds'?
packages/sdkwork-magic-studio-film/src/services/filmService.ts(411,25): error TS6133: 'prompt' is declared but its value is never read.
packages/sdkwork-magic-studio-film/src/services/filmService.ts(411,41): error TS6133: 'imageUrl' is declared but its value is never read.
packages/sdkwork-magic-studio-film/src/store/filmStore.tsx(255,13): error TS2353: Object literal may only specify known properties, and 'assets' does not exist in type 'FilmScene'.
packages/sdkwork-magic-studio-film/src/store/filmStore.tsx(302,25): error TS6133: 'sceneUuid' is declared but its value is never read.
packages/sdkwork-magic-studio-film/src/store/filmStore.tsx(325,53): error TS2339: Property 'base' does not exist on type 'string'.
packages/sdkwork-magic-studio-film/src/store/filmStore.tsx(343,30): error TS2322: Type 'AssetMediaResource | FilmAssetMediaResource' is not assignable to type 'FilmAssetMediaResource'.
  Type 'AssetMediaResource' is not assignable to type 'FilmAssetMediaResource'.
    Types of property 'type' are incompatible.
      Type 'MediaResourceType' is not assignable to type '"video" | "image" | "audio" | undefined'.
packages/sdkwork-magic-studio-film/src/store/filmStore.tsx(343,66): error TS2322: Type 'AssetMediaResource' is not assignable to type 'FilmAssetMediaResource'.
  Types of property 'type' are incompatible.
    Type 'MediaResourceType' is not assignable to type '"video" | "image" | "audio" | undefined'.
packages/sdkwork-magic-studio-film/src/store/filmStore.tsx(372,54): error TS2339: Property 'base' does not exist on type 'string'.
packages/sdkwork-magic-studio-film/src/store/filmStore.tsx(374,20): error TS6133: 'now' is declared but its value is never read.
packages/sdkwork-magic-studio-film/src/store/filmStore.tsx(394,38): error TS6133: 'sceneUuid' is declared but its value is never read.
packages/sdkwork-magic-studio-film/src/store/filmStore.tsx(403,20): error TS6133: 'asset' is declared but its value is never read.
packages/sdkwork-magic-studio-fs/src/vfs.ts(1,10): error TS6133: 'FileEntry' is declared but its value is never read.
packages/sdkwork-magic-studio-generation-history/src/components/GenerateHistory.tsx(6,29): error TS2459: Module '"./GenerationPreview"' declares 'EditorComponents' locally, but it is not exported.
packages/sdkwork-magic-studio-generation-history/src/components/GenerateHistory.tsx(81,37): error TS6133: 'url' is declared but its value is never read.
packages/sdkwork-magic-studio-generation-history/src/components/GenerateHistory.tsx(81,42): error TS6133: 'type' is declared but its value is never read.
packages/sdkwork-magic-studio-generation-history/src/components/GenerationItem.tsx(6,21): error TS2724: '"@sdkwork/magic-studio-commons"' has no exported member named 'GeneratedResult'. Did you mean 'GeneratedSfxResult'?
packages/sdkwork-magic-studio-generation-history/src/components/GenerationItem.tsx(311,46): error TS6133: 'selectionMode' is declared but its value is never read.
packages/sdkwork-magic-studio-generation-history/src/components/GenerationPreview.tsx(6,15): error TS6133: 'ThumbsDown' is declared but its value is never read.
packages/sdkwork-magic-studio-generation-history/src/components/GenerationPreview.tsx(7,5): error TS6133: 'Maximize2' is declared but its value is never read.
packages/sdkwork-magic-studio-generation-history/src/components/GenerationPreview.tsx(7,57): error TS6133: 'Zap' is declared but its value is never read.
packages/sdkwork-magic-studio-generation-history/src/components/GenerationPreview.tsx(7,62): error TS6133: 'RefreshCw' is declared but its value is never read.
packages/sdkwork-magic-studio-generation-history/src/components/GenerationPreview.tsx(7,73): error TS6133: 'Wand2' is declared but its value is never read.
packages/sdkwork-magic-studio-generation-history/src/components/GenerationPreview.tsx(8,11): error TS6133: 'Check' is declared but its value is never read.
packages/sdkwork-magic-studio-generation-history/src/components/GenerationPreview.tsx(8,18): error TS6133: 'Play' is declared but its value is never read.
packages/sdkwork-magic-studio-generation-history/src/components/GenerationPreview.tsx(8,24): error TS6133: 'LayoutTemplate' is declared but its value is never read.
packages/sdkwork-magic-studio-generation-history/src/components/GenerationPreview.tsx(8,40): error TS6133: 'Brush' is declared but its value is never read.
packages/sdkwork-magic-studio-generation-history/src/components/GenerationPreview.tsx(9,5): error TS6133: 'Move' is declared but its value is never read.
packages/sdkwork-magic-studio-generation-history/src/components/GenerationPreview.tsx(9,11): error TS6133: 'Eraser' is declared but its value is never read.
packages/sdkwork-magic-studio-generation-history/src/components/GenerationPreview.tsx(9,19): error TS6133: 'Mic' is declared but its value is never read.
packages/sdkwork-magic-studio-generation-history/src/components/GenerationPreview.tsx(9,33): error TS6133: 'MessageSquare' is declared but its value is never read.
packages/sdkwork-magic-studio-generation-history/src/components/GenerationPreview.tsx(46,11): error TS6133: 't' is declared but its value is never read.
packages/sdkwork-magic-studio-generation-history/src/components/GenerationPreview.tsx(420,121): error TS6133: 'copyable' is declared but its value is never read.
packages/sdkwork-magic-studio-generation-history/src/index.ts(4,28): error TS2459: Module '"./components/GenerationPreview"' declares 'EditorComponents' locally, but it is not exported.
packages/sdkwork-magic-studio-image/src/constants.ts(1,10): error TS6133: 'StyleOption' is declared but its value is never read.
packages/sdkwork-magic-studio-image/src/pages/ImageChatPage.tsx(36,47): error TS7006: Parameter '_' implicitly has an 'any' type.
packages/sdkwork-magic-studio-image/src/pages/ImageChatPage.tsx(36,50): error TS7006: Parameter 'i' implicitly has an 'any' type.
packages/sdkwork-magic-studio-image/src/pages/ImagePage.tsx(38,17): error TS2353: Object literal may only specify known properties, and 'posterUrl' does not exist in type 'GeneratedImageResult'.
packages/sdkwork-magic-studio-image/src/services/imageService.ts(3,10): error TS2724: '"../entities"' has no exported member named 'GenerationConfig'. Did you mean 'ImageGenerationConfig'?
packages/sdkwork-magic-studio-image/src/store/imageStore.tsx(3,21): error TS2724: '"../entities"' has no exported member named 'GenerationConfig'. Did you mean 'ImageGenerationConfig'?
packages/sdkwork-magic-studio-image/src/store/imageStore.tsx(3,39): error TS2724: '"../entities"' has no exported member named 'GeneratedResult'. Did you mean 'GeneratedImageResult'?
packages/sdkwork-magic-studio-image/src/store/imageStore.tsx(59,24): error TS7006: Parameter 'prev' implicitly has an 'any' type.
packages/sdkwork-magic-studio-image/src/store/imageStore.tsx(192,21): error TS2353: Object literal may only specify known properties, and 'modelId' does not exist in type 'GeneratedImageResult'.
packages/sdkwork-magic-studio-magiccut/src/components/AudioMixer.tsx(1,1): error TS6133: 'CutTrackType' is declared but its value is never read.
packages/sdkwork-magic-studio-magiccut/src/components/AudioMixer.tsx(17,9): error TS6133: 'useTransientState' is declared but its value is never read.
packages/sdkwork-magic-studio-magiccut/src/components/AudioMixer.tsx(52,34): error TS6133: 'trackId' is declared but its value is never read.
packages/sdkwork-magic-studio-magiccut/src/components/common/UIComponents.tsx(2,29): error TS6133: 'useMemo' is declared but its value is never read.
packages/sdkwork-magic-studio-magiccut/src/components/ErrorBoundary/MagicCutErrorBoundary.tsx(2,25): error TS2724: '"@sdkwork/magic-studio-commons"' has no exported member named 'ErrorBoundaryProps'. Did you mean 'ErrorBoundary'?
packages/sdkwork-magic-studio-magiccut/src/components/Export/ExportModal.tsx(8,20): error TS6133: 'Check' is declared but its value is never read.
packages/sdkwork-magic-studio-magiccut/src/components/MagicCutEditor.tsx(79,18): error TS6133: 'onBack' is declared but its value is never read.
packages/sdkwork-magic-studio-magiccut/src/components/Player/MagicCutPlayer.tsx(66,11): error TS6133: 'isInteracting' is declared but its value is never read.
packages/sdkwork-magic-studio-magiccut/src/components/Player/MagicCutPlayer.tsx(90,26): error TS2345: Argument of type 'RefObject<UniversalPlayerHandle | null>' is not assignable to parameter of type 'RefObject<UniversalPlayerHandle>'.
  Type 'UniversalPlayerHandle | null' is not assignable to type 'UniversalPlayerHandle'.
    Type 'null' is not assignable to type 'UniversalPlayerHandle'.
packages/sdkwork-magic-studio-magiccut/src/components/Player/MagicCutPlayer.tsx(121,59): error TS2367: This comparison appears to be unintentional because the types '"CutTrack"' and '"video"' have no overlap.
packages/sdkwork-magic-studio-magiccut/src/components/Player/MagicCutPlayer.tsx(143,21): error TS2322: Type '"filter"' is not assignable to type '"CutLayer"'.
packages/sdkwork-magic-studio-magiccut/src/components/Player/MagicCutPlayer.tsx(229,37): error TS6133: 'e' is declared but its value is never read.
packages/sdkwork-magic-studio-magiccut/src/components/Player/TransformOverlay.tsx(97,53): error TS6133: 'deltaX' is declared but its value is never read.
packages/sdkwork-magic-studio-magiccut/src/components/Player/TransformOverlay.tsx(97,69): error TS6133: 'deltaY' is declared but its value is never read.
packages/sdkwork-magic-studio-magiccut/src/components/Player/TransformOverlay.tsx(117,23): error TS6133: 'newW' is declared but its value is never read.
packages/sdkwork-magic-studio-magiccut/src/components/Player/TransformOverlay.tsx(118,23): error TS6133: 'newH' is declared but its value is never read.
packages/sdkwork-magic-studio-magiccut/src/components/Player/UniversalPlayer.tsx(7,1): error TS6133: 'TimelineStore' is declared but its value is never read.
packages/sdkwork-magic-studio-magiccut/src/components/Player/UniversalPlayer.tsx(45,12): error TS2749: 'TimelineStore' refers to a value, but is being used as a type here. Did you mean 'typeof TimelineStore'?
packages/sdkwork-magic-studio-magiccut/src/components/Player/UniversalPlayer.tsx(325,9): error TS2322: Type 'RefObject<HTMLDivElement | null>' is not assignable to type 'RefObject<HTMLDivElement>'.
  Type 'HTMLDivElement | null' is not assignable to type 'HTMLDivElement'.
    Type 'null' is not assignable to type 'HTMLDivElement'.
packages/sdkwork-magic-studio-magiccut/src/components/Properties/MagicCutPropertyPanel.tsx(9,1): error TS6192: All imports in import declaration are unused.
packages/sdkwork-magic-studio-magiccut/src/components/Properties/MagicCutPropertyPanel.tsx(172,36): error TS6133: 'k' is declared but its value is never read.
packages/sdkwork-magic-studio-magiccut/src/components/Properties/MagicCutPropertyPanel.tsx(175,45): error TS6133: 'k' is declared but its value is never read.
packages/sdkwork-magic-studio-magiccut/src/components/Properties/panels/AudioSettingsPanel.tsx(3,38): error TS6133: 'Mic2' is declared but its value is never read.
packages/sdkwork-magic-studio-magiccut/src/components/Properties/panels/EffectsListPanel.tsx(2,20): error TS6133: 'CutClip' is declared but its value is never read.
packages/sdkwork-magic-studio-magiccut/src/components/Properties/panels/EffectsListPanel.tsx(5,10): error TS6133: 'Sliders' is declared but its value is never read.
packages/sdkwork-magic-studio-magiccut/src/components/Properties/panels/EffectsListPanel.tsx(5,27): error TS6133: 'Sparkles' is declared but its value is never read.
packages/sdkwork-magic-studio-magiccut/src/components/Properties/panels/EffectsListPanel.tsx(45,41): error TS6133: 'i' is declared but its value is never read.
packages/sdkwork-magic-studio-magiccut/src/components/Properties/panels/ImageSettingsPanel.tsx(2,37): error TS6133: 'BlendMode' is declared but its value is never read.
packages/sdkwork-magic-studio-magiccut/src/components/Properties/panels/ImageSettingsPanel.tsx(5,32): error TS6133: 'Palette' is declared but its value is never read.
packages/sdkwork-magic-studio-magiccut/src/components/Properties/panels/ImageSettingsPanel.tsx(5,41): error TS6133: 'Layers' is declared but its value is never read.
packages/sdkwork-magic-studio-magiccut/src/components/Properties/panels/ImageSettingsPanel.tsx(5,49): error TS6133: 'Sliders' is declared but its value is never read.
packages/sdkwork-magic-studio-magiccut/src/components/Properties/panels/ImageSettingsPanel.tsx(27,27): error TS6133: 'tool' is declared but its value is never read.
packages/sdkwork-magic-studio-magiccut/src/components/Properties/panels/ImageSettingsPanel.tsx(63,28): error TS6133: 'k' is declared but its value is never read.
packages/sdkwork-magic-studio-magiccut/src/components/Properties/panels/ImageSettingsPanel.tsx(66,37): error TS6133: 'k' is declared but its value is never read.
packages/sdkwork-magic-studio-magiccut/src/components/Properties/panels/VisualTransformPanel.tsx(38,11): error TS6133: 'handleFlip' is declared but its value is never read.
packages/sdkwork-magic-studio-magiccut/src/components/Properties/panels/VisualTransformPanel.tsx(38,25): error TS6133: 'axis' is declared but its value is never read.
packages/sdkwork-magic-studio-magiccut/src/components/Properties/widgets/PropertyWidgets.tsx(2,35): error TS6133: 'useEffect' is declared but its value is never read.
packages/sdkwork-magic-studio-magiccut/src/components/Resources/MagicCutResourcePanel.tsx(195,12): error TS6133: 'showFilters' is declared but its value is never read.
packages/sdkwork-magic-studio-magiccut/src/components/Resources/MagicCutResourcePanel.tsx(195,25): error TS6133: 'setShowFilters' is declared but its value is never read.
packages/sdkwork-magic-studio-magiccut/src/components/Resources/MagicCutResourcePanel.tsx(196,21): error TS6133: 'setFilters' is declared but its value is never read.
packages/sdkwork-magic-studio-magiccut/src/components/Resources/MagicCutResourcePanel.tsx(279,77): error TS2339: Property 'duration' does not exist on type 'Record<string, any> | { modelName?: string | undefined; version?: string | undefined; rigType?: "face" | "body" | "full" | undefined; animationSupport?: boolean | undefined; ... 6 more ...; style?: "realistic" | ... 3 more ... | undefined; } | { ...; } | { ...; } | { ...; } | { ...; }'.
  Property 'duration' does not exist on type '{ modelName?: string | undefined; version?: string | undefined; rigType?: "face" | "body" | "full" | undefined; animationSupport?: boolean | undefined; morphTargets?: string[] | undefined; ... 5 more ...; style?: "realistic" | ... 3 more ... | undefined; }'.
packages/sdkwork-magic-studio-magiccut/src/components/Resources/MagicCutResourcePanel.tsx(297,69): error TS2339: Property 'duration' does not exist on type 'Record<string, any> | { modelName?: string | undefined; version?: string | undefined; rigType?: "face" | "body" | "full" | undefined; animationSupport?: boolean | undefined; ... 6 more ...; style?: "realistic" | ... 3 more ... | undefined; } | { ...; } | { ...; } | { ...; } | { ...; }'.
  Property 'duration' does not exist on type '{ modelName?: string | undefined; version?: string | undefined; rigType?: "face" | "body" | "full" | undefined; animationSupport?: boolean | undefined; morphTargets?: string[] | undefined; ... 5 more ...; style?: "realistic" | ... 3 more ... | undefined; }'.
packages/sdkwork-magic-studio-magiccut/src/components/Resources/MagicCutResourcePanel.tsx(298,69): error TS2339: Property 'duration' does not exist on type 'Record<string, any> | { modelName?: string | undefined; version?: string | undefined; rigType?: "face" | "body" | "full" | undefined; animationSupport?: boolean | undefined; ... 6 more ...; style?: "realistic" | ... 3 more ... | undefined; } | { ...; } | { ...; } | { ...; } | { ...; }'.
  Property 'duration' does not exist on type '{ modelName?: string | undefined; version?: string | undefined; rigType?: "face" | "body" | "full" | undefined; animationSupport?: boolean | undefined; morphTargets?: string[] | undefined; ... 5 more ...; style?: "realistic" | ... 3 more ... | undefined; }'.
packages/sdkwork-magic-studio-magiccut/src/components/Resources/MagicCutResourcePanel.tsx(319,33): error TS2304: Cannot find name 'platform'.
packages/sdkwork-magic-studio-magiccut/src/components/Resources/MagicCutResourcePanel.tsx(327,66): error TS2339: Property 'duration' does not exist on type 'Record<string, any> | { modelName?: string | undefined; version?: string | undefined; rigType?: "face" | "body" | "full" | undefined; animationSupport?: boolean | undefined; ... 6 more ...; style?: "realistic" | ... 3 more ... | undefined; } | { ...; } | { ...; } | { ...; } | { ...; }'.
  Property 'duration' does not exist on type '{ modelName?: string | undefined; version?: string | undefined; rigType?: "face" | "body" | "full" | undefined; animationSupport?: boolean | undefined; morphTargets?: string[] | undefined; ... 5 more ...; style?: "realistic" | ... 3 more ... | undefined; }'.
packages/sdkwork-magic-studio-magiccut/src/components/Resources/panels/AudioResourcePanel.tsx(19,5): error TS6133: 'onPreview' is declared but its value is never read.
packages/sdkwork-magic-studio-magiccut/src/components/Resources/panels/EffectResourcePanel.tsx(44,28): error TS6133: 'onToggleFavorite' is declared but its value is never read.
packages/sdkwork-magic-studio-magiccut/src/components/Resources/panels/MusicResourcePanel.tsx(19,5): error TS6133: 'onPreview' is declared but its value is never read.
packages/sdkwork-magic-studio-magiccut/src/components/Resources/panels/TextResourcePanel.tsx(15,5): error TS6133: 'onToggleFavorite' is declared but its value is never read.
packages/sdkwork-magic-studio-magiccut/src/components/Resources/panels/TextResourcePanel.tsx(33,23): error TS6133: 'category' is declared but its value is never read.
packages/sdkwork-magic-studio-magiccut/src/components/Resources/SkimmableAssetCard.tsx(38,46): error TS2339: Property 'duration' does not exist on type 'Record<string, any> | { modelName?: string | undefined; version?: string | undefined; rigType?: "face" | "body" | "full" | undefined; animationSupport?: boolean | undefined; ... 6 more ...; style?: "realistic" | ... 3 more ... | undefined; } | { ...; } | { ...; } | { ...; } | { ...; }'.
  Property 'duration' does not exist on type '{ modelName?: string | undefined; version?: string | undefined; rigType?: "face" | "body" | "full" | undefined; animationSupport?: boolean | undefined; morphTargets?: string[] | undefined; ... 5 more ...; style?: "realistic" | ... 3 more ... | undefined; }'.
packages/sdkwork-magic-studio-magiccut/src/components/Resources/SkimmableAssetCard.tsx(43,12): error TS6133: 'isLoading' is declared but its value is never read.
packages/sdkwork-magic-studio-magiccut/src/components/Resources/SkimmableAssetCard.tsx(55,11): error TS6133: 'progressBarRef' is declared but its value is never read.
packages/sdkwork-magic-studio-magiccut/src/components/Resources/SkimmableAssetCard.tsx(73,50): error TS2339: Property 'thumbnailPath' does not exist on type 'Record<string, any> | { modelName?: string | undefined; version?: string | undefined; rigType?: "face" | "body" | "full" | undefined; animationSupport?: boolean | undefined; ... 6 more ...; style?: "realistic" | ... 3 more ... | undefined; } | { ...; } | { ...; } | { ...; } | { ...; }'.
  Property 'thumbnailPath' does not exist on type '{ modelName?: string | undefined; version?: string | undefined; rigType?: "face" | "body" | "full" | undefined; animationSupport?: boolean | undefined; morphTargets?: string[] | undefined; ... 5 more ...; style?: "realistic" | ... 3 more ... | undefined; }'.
packages/sdkwork-magic-studio-magiccut/src/components/Resources/SkimmableAssetCard.tsx(102,81): error TS2339: Property 'thumbnailPath' does not exist on type 'Record<string, any> | { modelName?: string | undefined; version?: string | undefined; rigType?: "face" | "body" | "full" | undefined; animationSupport?: boolean | undefined; ... 6 more ...; style?: "realistic" | ... 3 more ... | undefined; } | { ...; } | { ...; } | { ...; } | { ...; }'.
  Property 'thumbnailPath' does not exist on type '{ modelName?: string | undefined; version?: string | undefined; rigType?: "face" | "body" | "full" | undefined; animationSupport?: boolean | undefined; morphTargets?: string[] | undefined; ... 5 more ...; style?: "realistic" | ... 3 more ... | undefined; }'.
packages/sdkwork-magic-studio-magiccut/src/components/Resources/SkimmableAssetCard.tsx(150,50): error TS2339: Property 'text' does not exist on type 'Record<string, any> | { modelName?: string | undefined; version?: string | undefined; rigType?: "face" | "body" | "full" | undefined; animationSupport?: boolean | undefined; ... 6 more ...; style?: "realistic" | ... 3 more ... | undefined; } | { ...; } | { ...; } | { ...; } | { ...; }'.
  Property 'text' does not exist on type '{ modelName?: string | undefined; version?: string | undefined; rigType?: "face" | "body" | "full" | undefined; animationSupport?: boolean | undefined; morphTargets?: string[] | undefined; ... 5 more ...; style?: "realistic" | ... 3 more ... | undefined; }'.
packages/sdkwork-magic-studio-magiccut/src/components/Resources/SkimmableAssetCard.tsx(152,36): error TS2339: Property 'fontFamily' does not exist on type 'Record<string, any> | { modelName?: string | undefined; version?: string | undefined; rigType?: "face" | "body" | "full" | undefined; animationSupport?: boolean | undefined; ... 6 more ...; style?: "realistic" | ... 3 more ... | undefined; } | { ...; } | { ...; } | { ...; } | { ...; }'.
  Property 'fontFamily' does not exist on type '{ modelName?: string | undefined; version?: string | undefined; rigType?: "face" | "body" | "full" | undefined; animationSupport?: boolean | undefined; morphTargets?: string[] | undefined; ... 5 more ...; style?: "realistic" | ... 3 more ... | undefined; }'.
packages/sdkwork-magic-studio-magiccut/src/components/Resources/SkimmableAssetCard.tsx(153,31): error TS2339: Property 'color' does not exist on type 'Record<string, any> | { modelName?: string | undefined; version?: string | undefined; rigType?: "face" | "body" | "full" | undefined; animationSupport?: boolean | undefined; ... 6 more ...; style?: "realistic" | ... 3 more ... | undefined; } | { ...; } | { ...; } | { ...; } | { ...; }'.
  Property 'color' does not exist on type '{ modelName?: string | undefined; version?: string | undefined; rigType?: "face" | "body" | "full" | undefined; animationSupport?: boolean | undefined; morphTargets?: string[] | undefined; ... 5 more ...; style?: "realistic" | ... 3 more ... | undefined; }'.
packages/sdkwork-magic-studio-magiccut/src/components/Timeline/canvas/DragOverlay.tsx(3,31): error TS6133: 'ImageIcon' is declared but its value is never read.
packages/sdkwork-magic-studio-magiccut/src/components/Timeline/canvas/DragOverlay.tsx(72,20): error TS2352: Conversion of type '{ id: string; resource: { id: string; type: "MediaResource"; uuid: string; }; start: number; duration: number; offset: number; track: { id: string; type: "CutTrack"; uuid: string; }; layers: never[]; createdAt: number; ... 4 more ...; transform: { ...; }; }' to type 'CutClip' may be a mistake because neither type sufficiently overlaps with the other. If this was intentional, convert the expression to 'unknown' first.
  Type '{ id: string; resource: { id: string; type: "MediaResource"; uuid: string; }; start: number; duration: number; offset: number; track: { id: string; type: "CutTrack"; uuid: string; }; layers: never[]; createdAt: number; ... 4 more ...; transform: { ...; }; }' is missing the following properties from type 'CutClip': type, uuid
packages/sdkwork-magic-studio-magiccut/src/components/Timeline/canvas/DragOverlay.tsx(139,53): error TS6133: 'trackHeight' is declared but its value is never read.
packages/sdkwork-magic-studio-magiccut/src/components/Timeline/canvas/hooks/useAutoScroll.ts(5,11): error TS6196: 'UseAutoScrollOptions' is declared but never used.
packages/sdkwork-magic-studio-magiccut/src/components/Timeline/canvas/hooks/useSnapPoints.ts(2,1): error TS6133: 'CutClip' is declared but its value is never read.
packages/sdkwork-magic-studio-magiccut/src/components/Timeline/canvas/hooks/useSnapPoints.ts(70,9): error TS6133: 'ignoreClipId' is declared but its value is never read.
packages/sdkwork-magic-studio-magiccut/src/components/Timeline/canvas/hooks/useTimelineInteractions.ts(3,1): error TS6133: 'TimelineEditService' is declared but its value is never read.
packages/sdkwork-magic-studio-magiccut/src/components/Timeline/canvas/hooks/useTimelineInteractions.ts(43,5): error TS6133: 'selectRegion' is declared but its value is never read.
packages/sdkwork-magic-studio-magiccut/src/components/Timeline/canvas/hooks/useTimelineInteractions.ts(45,5): error TS6133: 'state' is declared but its value is never read.
packages/sdkwork-magic-studio-magiccut/src/components/Timeline/canvas/hooks/useTimelineInteractions.ts(46,5): error TS6133: 'applyEditResult' is declared but its value is never read.
packages/sdkwork-magic-studio-magiccut/src/components/Timeline/canvas/hooks/useTimelineInteractions.ts(50,11): error TS6133: 'editTool' is declared but its value is never read.
packages/sdkwork-magic-studio-magiccut/src/components/Timeline/canvas/hooks/useTimelineInteractions.ts(77,11): error TS6133: 'detectTrimType' is declared but its value is never read.
packages/sdkwork-magic-studio-magiccut/src/components/Timeline/canvas/hooks/useTimelineInteractions.ts(107,15): error TS6133: 'startTime' is declared but its value is never read.
packages/sdkwork-magic-studio-magiccut/src/components/Timeline/canvas/hooks/useTimelineInteractions.ts(108,15): error TS6133: 'startTrackId' is declared but its value is never read.
packages/sdkwork-magic-studio-magiccut/src/components/Timeline/canvas/InteractionLayer.tsx(41,5): error TS6133: 'stopAutoScroll' is declared but its value is never read.
packages/sdkwork-magic-studio-magiccut/src/components/Timeline/canvas/InteractionLayer.tsx(42,5): error TS6133: 'moveClip' is declared but its value is never read.
packages/sdkwork-magic-studio-magiccut/src/components/Timeline/canvas/InteractionLayer.tsx(44,5): error TS6133: 'insertTrackAndMoveClip' is declared but its value is never read.
packages/sdkwork-magic-studio-magiccut/src/components/Timeline/canvas/TimelineCanvas.tsx(2,17): error TS6133: 'useRef' is declared but its value is never read.
packages/sdkwork-magic-studio-magiccut/src/components/Timeline/canvas/TimelineCanvas.tsx(2,25): error TS6133: 'useCallback' is declared but its value is never read.
packages/sdkwork-magic-studio-magiccut/src/components/Timeline/canvas/TimelineCanvas.tsx(2,38): error TS6133: 'useEffect' is declared but its value is never read.
packages/sdkwork-magic-studio-magiccut/src/components/Timeline/canvas/TimelineCanvas.tsx(2,58): error TS6133: 'memo' is declared but its value is never read.
packages/sdkwork-magic-studio-magiccut/src/components/Timeline/canvas/TimelineCanvas.tsx(64,9): error TS6133: 'updateClip' is declared but its value is never read.
packages/sdkwork-magic-studio-magiccut/src/components/Timeline/canvas/TimelineCanvas.tsx(66,9): error TS6133: 'commitHistory' is declared but its value is never read.
packages/sdkwork-magic-studio-magiccut/src/components/Timeline/canvas/TimelineCanvas.tsx(73,30): error TS6133: 'startAutoScroll' is declared but its value is never read.
packages/sdkwork-magic-studio-magiccut/src/components/Timeline/canvas/TimelineCanvas.tsx(73,80): error TS2345: Argument of type 'RefObject<HTMLDivElement | null>' is not assignable to parameter of type 'RefObject<HTMLDivElement>'.
  Type 'HTMLDivElement | null' is not assignable to type 'HTMLDivElement'.
    Type 'null' is not assignable to type 'HTMLDivElement'.
packages/sdkwork-magic-studio-magiccut/src/components/Timeline/canvas/TimelineCanvas.tsx(81,9): error TS2322: Type 'RefObject<HTMLDivElement | null>' is not assignable to type 'RefObject<HTMLDivElement>'.
  Type 'HTMLDivElement | null' is not assignable to type 'HTMLDivElement'.
    Type 'null' is not assignable to type 'HTMLDivElement'.
packages/sdkwork-magic-studio-magiccut/src/components/Timeline/canvas/TimelineCanvas.tsx(106,9): error TS2322: Type 'RefObject<HTMLDivElement | null>' is not assignable to type 'RefObject<HTMLDivElement>'.
  Type 'HTMLDivElement | null' is not assignable to type 'HTMLDivElement'.
    Type 'null' is not assignable to type 'HTMLDivElement'.
packages/sdkwork-magic-studio-magiccut/src/components/Timeline/canvas/TimelineCanvas.tsx(187,21): error TS2322: Type 'RefObject<HTMLDivElement | null>' is not assignable to type 'RefObject<HTMLDivElement>'.
  Type 'HTMLDivElement | null' is not assignable to type 'HTMLDivElement'.
    Type 'null' is not assignable to type 'HTMLDivElement'.
packages/sdkwork-magic-studio-magiccut/src/components/Timeline/hooks/useTimeline.ts(12,1): error TS6133: 'TrackFactory' is declared but its value is never read.
packages/sdkwork-magic-studio-magiccut/src/components/Timeline/hooks/useTimeline.ts(33,21): error TS6133: 'isSkimmingEnabled' is declared but its value is never read.
packages/sdkwork-magic-studio-magiccut/src/components/Timeline/hooks/useTimeline.ts(39,9): error TS6133: 'getGlobalSnapPoints' is declared but its value is never read.
packages/sdkwork-magic-studio-magiccut/src/components/Timeline/InOutPointOverlay.tsx(10,9): error TS6133: 'totalDuration' is declared but its value is never read.
packages/sdkwork-magic-studio-magiccut/src/components/Timeline/MagicCutPlayhead.tsx(12,69): error TS6133: 'scrollContainerRef' is declared but its value is never read.
packages/sdkwork-magic-studio-magiccut/src/components/Timeline/MagicCutTimeline.tsx(16,1): error TS6133: 'InOutPointOverlay' is declared but its value is never read.
packages/sdkwork-magic-studio-magiccut/src/components/Timeline/MagicCutTimeline.tsx(36,9): error TS6133: 'activeTimeline' is declared but its value is never read.
packages/sdkwork-magic-studio-magiccut/src/components/Timeline/MagicCutTimeline.tsx(37,9): error TS6133: 'updateTrack' is declared but its value is never read.
packages/sdkwork-magic-studio-magiccut/src/components/Timeline/MagicCutTimeline.tsx(38,9): error TS6133: 'selectTrack' is declared but its value is never read.
packages/sdkwork-magic-studio-magiccut/src/components/Timeline/MagicCutTimeline.tsx(162,9): error TS6133: 'handleMouseMove' is declared but its value is never read.
packages/sdkwork-magic-studio-magiccut/src/components/Timeline/MagicCutTimeline.tsx(163,9): error TS6133: 'handleMouseLeave' is declared but its value is never read.
packages/sdkwork-magic-studio-magiccut/src/components/Timeline/MagicCutTimelineToolbar.tsx(2,17): error TS6133: 'useMemo' is declared but its value is never read.
packages/sdkwork-magic-studio-magiccut/src/components/Timeline/MagicCutTimelineToolbar.tsx(21,1): error TS6133: 'EditTool' is declared but its value is never read.
packages/sdkwork-magic-studio-magiccut/src/components/Timeline/MagicCutTimelineToolbar.tsx(134,11): error TS6133: 'handleClick' is declared but its value is never read.
packages/sdkwork-magic-studio-magiccut/src/components/Timeline/MagicCutTimelineToolbar.tsx(134,26): error TS6133: 'e' is declared but its value is never read.
packages/sdkwork-magic-studio-magiccut/src/components/Timeline/MagicCutTrack.tsx(6,28): error TS6133: 'MediaResourceType' is declared but its value is never read.
packages/sdkwork-magic-studio-magiccut/src/components/Timeline/MagicCutTrack.tsx(31,49): error TS6133: 'selectedClipId' is declared but its value is never read.
packages/sdkwork-magic-studio-magiccut/src/components/Timeline/MagicCutTrackHeader.tsx(7,10): error TS6133: 'platform' is declared but its value is never read.
packages/sdkwork-magic-studio-magiccut/src/components/Timeline/menu/useMenuLogic.ts(6,16): error TS6133: 'ZoomIn' is declared but its value is never read.
packages/sdkwork-magic-studio-magiccut/src/components/Timeline/menu/useMenuLogic.ts(23,9): error TS6133: 'selectClip' is declared but its value is never read.
packages/sdkwork-magic-studio-magiccut/src/components/Timeline/TimelineEditAxis.tsx(35,9): error TS6133: 'store' is declared but its value is never read.
packages/sdkwork-magic-studio-magiccut/src/components/Timeline/TimelineEditAxis.tsx(43,12): error TS6133: 'isDragging' is declared but its value is never read.
packages/sdkwork-magic-studio-magiccut/src/components/Timeline/WaveformOverlay.tsx(2,46): error TS6133: 'useCallback' is declared but its value is never read.
packages/sdkwork-magic-studio-magiccut/src/controllers/PlayerController.ts(30,13): error TS6133: 'lastPlaybackRate' is declared but its value is never read.
packages/sdkwork-magic-studio-magiccut/src/controllers/PlayerController.ts(31,13): error TS6133: 'lastPlaybackDirection' is declared but its value is never read.
packages/sdkwork-magic-studio-magiccut/src/controllers/PlayerController.ts(39,13): error TS6133: 'lastDomUpdateTime' is declared but its value is never read.
packages/sdkwork-magic-studio-magiccut/src/controllers/PlayerController.ts(43,13): error TS6133: 'cachedZoom' is declared but its value is never read.
packages/sdkwork-magic-studio-magiccut/src/controllers/PlayerController.ts(44,13): error TS6133: 'cachedScrollLeft' is declared but its value is never read.
packages/sdkwork-magic-studio-magiccut/src/controllers/PlayerController.ts(102,26): error TS6133: 'scrollLeft' is declared but its value is never read.
